<div data-bind="html: window.checkoutConfig.return_refund_policy"></div>
